// Jest Snapshot v1, https://goo.gl/fbAQLP

exports[`CommentList renders as intended 1`] = `
<div
  className="comment_list"
/>
`;
